exports[`tags attributes should omit unsupported attributes 1`] = `""`;

exports[`tags attributes should omit unsupported attributes 2`] = `
"
"
`;

exports[`tags general should omit unknown tags 1`] = `""`;
